// Jest Snapshot v1, https://goo.gl/fbAQLP

exports[`Test if header render correctly 1`] = `
<div
  className="container"
>
  <div
    className="row"
  >
    <div
      className="col-md-12"
    >
      <h1
        className="text-center"
      >
        Reservations
      </h1>
      <div
        className="row"
      >
        <div
          className="loading"
        >
          <h4
            className="text-center"
          >
            No reservations
          </h4>
        </div>
      </div>
    </div>
  </div>
</div>
`;
